c:\users\rboui\onedrive rbou\onedrive\bureau\203\numerical finance\numerical finance vs\randomgenerator\x64\debug\randomgenerator.pch
c:\users\rboui\onedrive rbou\onedrive\bureau\203\numerical finance\numerical finance vs\x64\debug\randomgenerator.pdb
c:\users\rboui\onedrive rbou\onedrive\bureau\203\numerical finance\numerical finance vs\x64\debug\randomgenerator.idb
c:\users\rboui\onedrive rbou\onedrive\bureau\203\numerical finance\numerical finance vs\randomgenerator\x64\debug\pch.obj
c:\users\rboui\onedrive rbou\onedrive\bureau\203\numerical finance\numerical finance vs\randomgenerator\x64\debug\uniformgenerator.obj
c:\users\rboui\onedrive rbou\onedrive\bureau\203\numerical finance\numerical finance vs\randomgenerator\x64\debug\randomgenerator.obj
c:\users\rboui\onedrive rbou\onedrive\bureau\203\numerical finance\numerical finance vs\randomgenerator\x64\debug\pseudogenerator.obj
c:\users\rboui\onedrive rbou\onedrive\bureau\203\numerical finance\numerical finance vs\randomgenerator\x64\debug\poisson.obj
c:\users\rboui\onedrive rbou\onedrive\bureau\203\numerical finance\numerical finance vs\randomgenerator\x64\debug\normal.obj
c:\users\rboui\onedrive rbou\onedrive\bureau\203\numerical finance\numerical finance vs\randomgenerator\x64\debug\linearcongruential.obj
c:\users\rboui\onedrive rbou\onedrive\bureau\203\numerical finance\numerical finance vs\randomgenerator\x64\debug\headtail.obj
c:\users\rboui\onedrive rbou\onedrive\bureau\203\numerical finance\numerical finance vs\randomgenerator\x64\debug\finiteset.obj
c:\users\rboui\onedrive rbou\onedrive\bureau\203\numerical finance\numerical finance vs\randomgenerator\x64\debug\exponential.obj
c:\users\rboui\onedrive rbou\onedrive\bureau\203\numerical finance\numerical finance vs\randomgenerator\x64\debug\ecuyercombined.obj
c:\users\rboui\onedrive rbou\onedrive\bureau\203\numerical finance\numerical finance vs\randomgenerator\x64\debug\dllmain.obj
c:\users\rboui\onedrive rbou\onedrive\bureau\203\numerical finance\numerical finance vs\randomgenerator\x64\debug\discretegenerator.obj
c:\users\rboui\onedrive rbou\onedrive\bureau\203\numerical finance\numerical finance vs\randomgenerator\x64\debug\continuousgenerator.obj
c:\users\rboui\onedrive rbou\onedrive\bureau\203\numerical finance\numerical finance vs\randomgenerator\x64\debug\binomial.obj
c:\users\rboui\onedrive rbou\onedrive\bureau\203\numerical finance\numerical finance vs\randomgenerator\x64\debug\bernoulli.obj
c:\users\rboui\onedrive rbou\onedrive\bureau\203\numerical finance\numerical finance vs\x64\debug\randomgenerator.lib
c:\users\rboui\onedrive rbou\onedrive\bureau\203\numerical finance\numerical finance vs\randomgenerator\x64\debug\randomgenerator.tlog\cl.command.1.tlog
c:\users\rboui\onedrive rbou\onedrive\bureau\203\numerical finance\numerical finance vs\randomgenerator\x64\debug\randomgenerator.tlog\cl.items.tlog
c:\users\rboui\onedrive rbou\onedrive\bureau\203\numerical finance\numerical finance vs\randomgenerator\x64\debug\randomgenerator.tlog\cl.read.1.tlog
c:\users\rboui\onedrive rbou\onedrive\bureau\203\numerical finance\numerical finance vs\randomgenerator\x64\debug\randomgenerator.tlog\cl.write.1.tlog
c:\users\rboui\onedrive rbou\onedrive\bureau\203\numerical finance\numerical finance vs\randomgenerator\x64\debug\randomgenerator.tlog\lib-link.read.1.tlog
c:\users\rboui\onedrive rbou\onedrive\bureau\203\numerical finance\numerical finance vs\randomgenerator\x64\debug\randomgenerator.tlog\lib-link.write.1.tlog
c:\users\rboui\onedrive rbou\onedrive\bureau\203\numerical finance\numerical finance vs\randomgenerator\x64\debug\randomgenerator.tlog\lib.command.1.tlog
